 
****************************************
Report : qor
Design : mips_16
Version: O-2018.06-SP1
Date   : Sat Aug 15 03:30:21 2026
****************************************


  Timing Path Group 'fun_clk'
  -----------------------------------
  Levels of Logic:              13.00
  Critical Path Length:         12.91
  Critical Path Slack:           0.75
  Critical Path Clk Period:     15.00
  Total Negative Slack:          0.00
  No. of Violating Paths:        0.00
  Worst Hold Violation:          0.00
  Total Hold Violation:          0.00
  No. of Hold Violations:        0.00
  -----------------------------------


  Cell Count
  -----------------------------------
  Hierarchical Cell Count:         12
  Hierarchical Port Count:        385
  Leaf Cell Count:              14587
  Buf/Inv Cell Count:            2835
  Buf Cell Count:                  36
  Inv Cell Count:                2799
  CT Buf/Inv Cell Count:            0
  Combinational Cell Count:     10347
  Sequential Cell Count:         4240
  Macro Count:                      0
  -----------------------------------


  Area
  -----------------------------------
  Combinational Area:   155453.644569
  Noncombinational Area:
                        106566.450012
  Buf/Inv Area:          64790.324603
  Total Buffer Area:          1841.36
  Total Inverter Area:       62948.97
  Macro/Black Box Area:      0.000000
  Net Area:              27953.829152
  -----------------------------------
  Cell Area:            262020.094581
  Design Area:          289973.923733


  Design Rules
  -----------------------------------
  Total Number of Nets:         14654
  Nets With Violations:             0
  Max Trans Violations:             0
  Max Cap Violations:               0
  -----------------------------------


  Hostname: IC_EDA

  Compile CPU Statistics
  -----------------------------------------
  Resource Sharing:                    1.25
  Logic Optimization:                  0.63
  Mapping Optimization:                2.85
  -----------------------------------------
  Overall Compile Time:                9.06
  Overall Compile Wall Clock Time:     9.05

  --------------------------------------------------------------------

  Design  WNS: 0.00  TNS: 0.00  Number of Violating Paths: 0


  Design (Hold)  WNS: 0.00  TNS: 0.00  Number of Violating Paths: 0

  --------------------------------------------------------------------


1
