 
****************************************
Report : area
Design : mips_16
Version: O-2018.06-SP1
Date   : Wed Aug 19 01:26:55 2026
****************************************

Information: Updating design information... (UID-85)
Warning: Design 'mips_16' contains 1 high-fanout nets. A fanout number of 1000 will be used for delay calculations involving these nets. (TIM-134)
Library(s) Used:

    saed90nm_max (File: /home/ICer/Downloads/Lib/synopsys/models/saed90nm_max.db)

Number of ports:                          372
Number of nets:                         14186
Number of cells:                        13858
Number of combinational cells:           9591
Number of sequential cells:              4256
Number of macros/black boxes:               0
Number of buf/inv:                       1974
Number of references:                      38

Combinational area:             103505.815858
Buf/Inv area:                    15067.238452
Noncombinational area:          106566.450012
Macro/Black Box area:                0.000000
Net Interconnect area:           30312.095147

Total cell area:                210072.265871
Total area:                     240384.361018
1
