 
****************************************
Report : timing
        -path full
        -delay max
        -max_paths 2
Design : mips_16
Version: O-2018.06-SP1
Date   : Mon Aug 17 06:51:35 2026
****************************************

 # A fanout number of 1000 was used for high fanout net computations.

Operating Conditions: WORST   Library: saed90nm_max_hvt
Wire Load Model Mode: enclosed

  Startpoint: pc_current_reg[14]
              (rising edge-triggered flip-flop clocked by fun_clk)
  Endpoint: pc_current_reg[15]
            (rising edge-triggered flip-flop clocked by fun_clk)
  Path Group: fun_clk
  Path Type: max

  Des/Clust/Port     Wire Load Model       Library
  ------------------------------------------------
  mips_16            280000                saed90nm_max_hvt
  mips_16_DW01_add_6 8000                  saed90nm_max_hvt

  Point                                                   Incr       Path
  --------------------------------------------------------------------------
  clock fun_clk (rise edge)                               0.00       0.00
  clock network delay (ideal)                             0.00       0.00
  pc_current_reg[14]/CLK (DFFARX2_HVT)                    0.00 #     0.00 r
  pc_current_reg[14]/Q (DFFARX2_HVT)                      1.98       1.98 r
  add_64/A[14] (mips_16_DW01_add_6)                       0.00       1.98 r
  add_64/U70/ZN (INVX1_HVT)                               4.75       6.73 f
  add_64/U71/ZN (INVX2_HVT)                               0.25       6.98 r
  add_64/U74/ZN (INVX0_HVT)                               0.39       7.38 f
  add_64/U85/ZN (INVX1_HVT)                               0.18       7.56 r
  add_64/U3/QN (NAND2X1_HVT)                              0.28       7.84 f
  add_64/U2/Q (OR2X1_HVT)                                 0.51       8.35 f
  add_64/U77/ZN (INVX0_HVT)                               0.19       8.54 r
  add_64/U91/Q (XOR2X1_HVT)                               0.62       9.17 f
  add_64/SUM[15] (mips_16_DW01_add_6)                     0.00       9.17 f
  U238/ZN (INVX0_HVT)                                     1.91      11.08 r
  U241/QN (OAI221X1_HVT)                                  2.56      13.64 f
  pc_current_reg[15]/D (DFFARX2_HVT)                      0.29      13.92 f
  data arrival time                                                 13.92

  clock fun_clk (rise edge)                              15.00      15.00
  clock network delay (ideal)                             0.00      15.00
  clock uncertainty                                      -0.45      14.55
  pc_current_reg[15]/CLK (DFFARX2_HVT)                    0.00      14.55 r
  library setup time                                     -0.62      13.93
  data required time                                                13.93
  --------------------------------------------------------------------------
  data required time                                                13.93
  data arrival time                                                -13.92
  --------------------------------------------------------------------------
  slack (MET)                                                        0.00


  Startpoint: pc_current_reg[3]
              (rising edge-triggered flip-flop clocked by fun_clk)
  Endpoint: pc_current_reg[6]
            (rising edge-triggered flip-flop clocked by fun_clk)
  Path Group: fun_clk
  Path Type: max

  Des/Clust/Port     Wire Load Model       Library
  ------------------------------------------------
  mips_16            280000                saed90nm_max_hvt
  mips_16_DW01_add_6 8000                  saed90nm_max_hvt

  Point                                    Incr       Path
  -----------------------------------------------------------
  clock fun_clk (rise edge)                0.00       0.00
  clock network delay (ideal)              0.00       0.00
  pc_current_reg[3]/CLK (DFFARX1_HVT)      0.00 #     0.00 r
  pc_current_reg[3]/Q (DFFARX1_HVT)        1.63       1.63 r
  add_64/A[3] (mips_16_DW01_add_6)         0.00       1.63 r
  add_64/U32/ZN (INVX0_HVT)                4.05       5.67 f
  add_64/U30/Z (NBUFFX2_HVT)               0.53       6.20 f
  add_64/U20/Q (OR2X1_HVT)                 0.61       6.81 f
  add_64/U7/Z (NBUFFX2_HVT)                0.54       7.36 f
  add_64/U16/Q (XOR2X1_HVT)                0.64       8.00 r
  add_64/SUM[6] (mips_16_DW01_add_6)       0.00       8.00 r
  U240/Q (AO221X2_HVT)                     5.34      13.33 r
  pc_current_reg[6]/D (DFFARX1_HVT)        0.30      13.63 r
  data arrival time                                  13.63

  clock fun_clk (rise edge)               15.00      15.00
  clock network delay (ideal)              0.00      15.00
  clock uncertainty                       -0.45      14.55
  pc_current_reg[6]/CLK (DFFARX1_HVT)      0.00      14.55 r
  library setup time                      -0.90      13.65
  data required time                                 13.65
  -----------------------------------------------------------
  data required time                                 13.65
  data arrival time                                 -13.63
  -----------------------------------------------------------
  slack (MET)                                         0.02


1
