#@ # 
#@ # Running icc2_shell Version O-2018.06-SP1 for linux64 -- Jul 17, 2018
#@ # Date:   Sat Aug 29 06:25:47 2026
#@ # Run by: ICer@IC_EDA
#@ 

set design "mips_16"
set std_worst "saed90nm_max.db"
set target_library $std_worst
set corner "worst"
set project_dir "/mnt/hgfs/Shared_files/${design}"
set Lib_path    "/home/ICer/Downloads/Lib"
set dlib_path   "${project_dir}/pnr/2_design_lib/library"
set prev_stage      "floorplan"
set current_stage   "powerplan"
#######################################################################
# --------------- dlib setup ------------- #
#######################################################################
open_block  ${dlib_path}/${design}.dlib:${design}_${prev_stage}.design
# copying the (clean) block from the previous stage (dlib) to just preserve it and work on the new one which is the present stage (floorplan)
#to make sure if any errors happened through the current stage, it will be easy to restore the previous stage
copy_block -from_block ${design}.dlib:${design}_${prev_stage}.design -to_block ${design}_${current_stage}
current_block ${design}_${current_stage}.design
start_gui
gui_set_pref_value -category {SelectByNamePalette} -key {ObjectType} -value {Logical Cells}
link_block
win_set_filter -visible -class cell -filter {hard_macro_margin hard_margin route_blockage_margin soft_margin}
win_set_filter -visible -class placement_blockage -filter {wiring} -layer {0-77}
win_set_filter -expand_cell_types {soft_macro  }
win_set_select_class -visible {cell port bound routing_blockage shaping_blockage pg_region pin_blockage block_shielding topology_node topology_edge core_area die_area edit_group shape via terminal fill_cell placement_blockage }
win_set_filter -class cell -filter {cell_array hard_macro_margin hard_margin route_blockage_margin soft_margin}
win_set_filter -class placement_blockage -filter {wiring} -layer {0-77}
win_set_select_class {cell port bound routing_blockage shaping_blockage pg_region pin_blockage topology_node topology_edge edit_group shape via placement_blockage }
remove_pg_via_master_rules -all
remove_pg_patterns -all
remove_pg_strategies -all
remove_pg_strategy -all
# Creation VDD and VSS nets for Network (because VDD and VSS are not declared in the RTL)
# create_net also creates the ports
create_net -power VDD
create_net -ground VSS
set ring_offset 1;
set ring_width 3;
set ring_spacing 4;
set hm_top M9;
set vm_top M8;
set name_strategy core_ring;
# Create region to define region pg network
create_pg_region power_ring_region -core -expand_by_edge "{{side: 1} {offset: $ring_offset}}  {{side: 2} {offset: $ring_offset}}  {{side: 3} {offset: $ring_offset}}  {{side: 4} {offset: $ring_offset}}"
# Create pattern rings structure {Layers, width, space}
create_pg_ring_pattern ring_pattern -horizontal_layer $hm_top -vertical_layer $vm_top -horizontal_width $ring_width -vertical_width $ring_width -horizontal_spacing $ring_spacing -vertical_spacing $ring_spacing
# strategy for design rings
set_pg_strategy $name_strategy -pg_regions { power_ring_region } -pattern {{ name: ring_pattern} {nets: "VDD VSS"}}
compile_pg -strategies $name_strategy
gui_zoom -window [gui_get_current_window -types Layout -view] -factor 2 -at_point {599.520 41.145}
gui_zoom -window [gui_get_current_window -types Layout -view] -factor 2 -at_point {612.220 37.380}
gui_zoom -window [gui_get_current_window -types Layout -view] -factor 2 -at_point {615.515 37.145}
gui_zoom -window [gui_get_current_window -types Layout -view] -factor 2 -at_point {616.810 37.500}
gui_zoom -window [gui_get_current_window -types Layout -view] -factor 2 -at_point {611.335 39.235}
gui_zoom -window [gui_get_current_window -types Layout -view] -factor 0.5 -at_point {606.470 49.060}
gui_zoom -window [gui_get_current_window -types Layout -view] -factor 0.5 -at_point {606.560 49.055}
gui_zoom -window [gui_get_current_window -types Layout -view] -factor 0.5 -at_point {606.575 49.025}
gui_zoom -window [gui_get_current_window -types Layout -view] -factor 0.5 -at_point {606.575 48.910}
gui_zoom -window [gui_get_current_window -types Layout -view] -factor 2 -at_point {606.575 48.205}
gui_zoom -window [gui_get_current_window -types Layout -view] -factor 2 -at_point {606.575 48.205}
gui_zoom -window [gui_get_current_window -types Layout -view] -factor 2 -at_point {606.575 48.205}
gui_zoom -window [gui_get_current_window -types Layout -view] -factor 2 -at_point {606.570 48.230}
gui_zoom -window [gui_get_current_window -types Layout -view] -factor 2 -at_point {606.555 48.240}
gui_mouse_tool -window [gui_get_current_window -types Layout -mru] -start RulerTool
gui_mouse_tool -window [gui_get_current_window -types Layout -mru] -add_point {605.695 47.895} -scale 0.0147
gui_mouse_tool -window [gui_get_current_window -types Layout -mru] -add_point {609.585 47.910} -scale 0.0147
gui_zoom -window [gui_get_current_window -types Layout -view] -factor 0.5 -at_point {606.985 47.380}
gui_zoom -window [gui_get_current_window -types Layout -view] -factor 0.5 -at_point {601.485 45.765}
gui_zoom -window [gui_get_current_window -types Layout -view] -factor 0.5 -at_point {601.510 45.765}
gui_zoom -window [gui_get_current_window -types Layout -view] -factor 0.5 -at_point {601.520 45.735}
gui_zoom -window [gui_get_current_window -types Layout -view] -factor 0.5 -at_point {601.635 45.850}
gui_zoom -window [gui_get_current_window -types Layout -view] -factor 0.5 -at_point {601.400 45.850}
gui_zoom -window [gui_get_current_window -types Layout -view] -factor 2 -at_point {577.875 75.020}
gui_zoom -window [gui_get_current_window -types Layout -view] -factor 2 -at_point {577.875 75.020}
gui_zoom -window [gui_get_current_window -types Layout -view] -factor 2 -at_point {577.875 75.020}
gui_zoom -window [gui_get_current_window -types Layout -view] -factor 2 -at_point {577.875 75.020}
gui_zoom -window [gui_get_current_window -types Layout -view] -factor 2 -at_point {608.000 72.135}
gui_zoom -window [gui_get_current_window -types Layout -view] -factor 2 -at_point {608.000 72.145}
gui_mouse_tool -window [gui_get_current_window -types Layout -mru] -add_point {601.585 72.285} -scale 0.0147
gui_mouse_tool -window [gui_get_current_window -types Layout -mru] -add_point {602.655 72.285} -scale 0.0147
gui_zoom -window [gui_get_current_window -types Layout -view] -factor 0.5 -at_point {601.100 72.300}
gui_zoom -window [gui_get_current_window -types Layout -view] -factor 0.5 -at_point {601.100 72.305}
gui_zoom -window [gui_get_current_window -types Layout -view] -factor 0.5 -at_point {601.100 72.320}
gui_zoom -window [gui_get_current_window -types Layout -view] -factor 0.5 -at_point {600.105 72.315}
gui_zoom -window [gui_get_current_window -types Layout -view] -factor 0.5 -at_point {591.990 73.375}
gui_zoom -window [gui_get_current_window -types Layout -view] -factor 0.5 -at_point {588.695 73.140}
gui_zoom -window [gui_get_current_window -types Layout -view] -factor 0.5 -at_point {552.465 135.245}
gui_zoom -window [gui_get_current_window -types Layout -view] -factor 2 -at_point {583.520 594.460}
gui_zoom -window [gui_get_current_window -types Layout -view] -factor 2 -at_point {637.160 595.405}
gui_zoom -window [gui_get_current_window -types Layout -view] -factor 2 -at_point {628.220 574.230}
gui_zoom -window [gui_get_current_window -types Layout -view] -factor 2 -at_point {618.810 573.760}
gui_zoom -window [gui_get_current_window -types Layout -view] -factor 2 -at_point {609.280 569.405}
gui_zoom -window [gui_get_current_window -types Layout -view] -factor 2 -at_point {608.925 568.085}
gui_zoom -window [gui_get_current_window -types Layout -view] -factor 2 -at_point {611.255 567.260}
gui_zoom -window [gui_get_current_window -types Layout -view] -factor 0.5 -at_point {612.050 567.820}
gui_zoom -window [gui_get_current_window -types Layout -view] -factor 0.5 -at_point {611.690 568.490}
gui_zoom -window [gui_get_current_window -types Layout -view] -factor 2 -at_point {611.300 569.605}
gui_zoom -window [gui_get_current_window -types Layout -view] -factor 2 -at_point {611.295 569.600}
gui_zoom -window [gui_get_current_window -types Layout -view] -factor 2 -at_point {611.295 569.595}
gui_zoom -window [gui_get_current_window -types Layout -view] -factor 0.5 -at_point {611.610 569.965}
gui_zoom -window [gui_get_current_window -types Layout -view] -factor 0.5 -at_point {611.605 569.915}
gui_zoom -window [gui_get_current_window -types Layout -view] -factor 0.5 -at_point {611.565 569.870}
gui_zoom -window [gui_get_current_window -types Layout -view] -factor 0.5 -at_point {611.580 569.580}
gui_zoom -window [gui_get_current_window -types Layout -view] -factor 0.5 -at_point {611.635 569.170}
gui_zoom -window [gui_get_current_window -types Layout -view] -factor 0.5 -at_point {611.045 566.935}
gui_zoom -window [gui_get_current_window -types Layout -view] -factor 0.5 -at_point {608.930 583.640}
gui_zoom -window [gui_get_current_window -types Layout -view] -factor 0.5 -at_point {608.930 583.170}
gui_zoom -window [gui_get_current_window -types Layout -view] -factor 2 -at_point {606.105 613.280}
gui_zoom -window [gui_get_current_window -types Layout -view] -factor 2 -at_point {606.105 613.280}
gui_zoom -window [gui_get_current_window -types Layout -view] -factor 2 -at_point {606.105 612.340}
gui_zoom -window [gui_get_current_window -types Layout -view] -factor 2 -at_point {573.640 611.400}
gui_zoom -window [gui_get_current_window -types Layout -view] -factor 2 -at_point {575.755 611.280}
gui_zoom -window [gui_get_current_window -types Layout -view] -factor 2 -at_point {575.185 611.105}
gui_zoom -window [gui_get_current_window -types Layout -view] -factor 2 -at_point {575.165 610.815}
gui_zoom -window [gui_get_current_window -types Layout -view] -factor 0.5 -at_point {576.390 610.125}
gui_zoom -window [gui_get_current_window -types Layout -view] -factor 0.5 -at_point {576.375 610.140}
gui_zoom -window [gui_get_current_window -types Layout -view] -factor 0.5 -at_point {576.360 610.170}
gui_zoom -window [gui_get_current_window -types Layout -view] -factor 0.5 -at_point {576.345 610.225}
gui_zoom -window [gui_get_current_window -types Layout -view] -factor 0.5 -at_point {576.230 610.225}
gui_zoom -window [gui_get_current_window -types Layout -view] -factor 2 -at_point {579.285 594.460}
gui_zoom -window [gui_get_current_window -types Layout -view] -factor 2 -at_point {578.345 596.110}
gui_zoom -window [gui_get_current_window -types Layout -view] -factor 2 -at_point {578.345 596.225}
gui_zoom -window [gui_get_current_window -types Layout -view] -factor 0.5 -at_point {578.010 597.175}
gui_zoom -window [gui_get_current_window -types Layout -view] -factor 0.5 -at_point {575.875 600.580}
gui_zoom -window [gui_get_current_window -types Layout -view] -factor 2 -at_point {574.110 610.225}
gui_zoom -window [gui_get_current_window -types Layout -view] -factor 2 -at_point {574.110 610.225}
gui_zoom -window [gui_get_current_window -types Layout -view] -factor 2 -at_point {606.940 599.055}
gui_zoom -window [gui_get_current_window -types Layout -view] -factor 2 -at_point {606.945 599.005}
gui_mouse_tool -window [gui_get_current_window -types Layout -mru] -drag {{605.665 598.620} {605.560 598.620}} -scale 0.0147
gui_mouse_tool -window [gui_get_current_window -types Layout -mru] -add_point {602.760 598.575} -scale 0.0147
gui_mouse_tool -window [gui_get_current_window -types Layout -mru] -add_point {605.695 598.545} -scale 0.0147
gui_zoom -window [gui_get_current_window -types Layout -view] -factor 0.5 -at_point {600.910 600.440}
gui_zoom -window [gui_get_current_window -types Layout -view] -factor 0.5 -at_point {592.770 602.250}
gui_zoom -window [gui_get_current_window -types Layout -view] -factor 0.5 -at_point {592.775 602.665}
gui_zoom -window [gui_get_current_window -types Layout -view] -factor 0.5 -at_point {592.580 608.105}
gui_zoom -window [gui_get_current_window -types Layout -view] -factor 2 -at_point {586.110 608.810}
gui_zoom -window [gui_get_current_window -types Layout -view] -factor 2 -at_point {586.110 608.810}
gui_zoom -window [gui_get_current_window -types Layout -view] -factor 0.5 -at_point {579.770 590.240}
gui_zoom -window [gui_get_current_window -types Layout -view] -factor 0.5 -at_point {579.405 590.345}
gui_zoom -window [gui_get_current_window -types Layout -view] -factor 0.5 -at_point {579.520 590.460}
gui_zoom -window [gui_get_current_window -types Layout -view] -factor 0.5 -at_point {573.170 592.110}
gui_zoom -window [gui_get_current_window -types Layout -view] -factor 0.5 -at_point {538.350 595.405}
gui_zoom -window [gui_get_current_window -types Layout -view] -factor 2 -at_point {237.230 178.535}
gui_mouse_tool -window [gui_get_current_window -types Layout -mru] -reset
win_select_objects -slct_targets global -at {375.555 436.370} -radius 0.941
gui_zoom -window [gui_get_current_window -types Layout -view] -factor 2 -at_point {597.635 582.230}
gui_zoom -window [gui_get_current_window -types Layout -view] -factor 2 -at_point {597.635 582.230}
gui_zoom -window [gui_get_current_window -types Layout -view] -factor 2 -at_point {597.635 582.230}
gui_zoom -window [gui_get_current_window -types Layout -view] -factor 2 -at_point {597.635 582.230}
gui_zoom -window [gui_get_current_window -types Layout -view] -factor 2 -at_point {597.655 582.245}
gui_zoom -window [gui_get_current_window -types Layout -view] -factor 0.5 -at_point {601.480 577.535}
gui_zoom -window [gui_get_current_window -types Layout -view] -factor 0.5 -at_point {601.455 577.235}
gui_zoom -window [gui_get_current_window -types Layout -view] -factor 0.5 -at_point {601.400 576.230}
gui_zoom -window [gui_get_current_window -types Layout -view] -factor 2 -at_point {603.045 603.400}
gui_zoom -window [gui_get_current_window -types Layout -view] -factor 2 -at_point {603.045 603.285}
gui_zoom -window [gui_get_current_window -types Layout -view] -factor 2 -at_point {603.105 602.995}
gui_zoom -window [gui_get_current_window -types Layout -view] -factor 2 -at_point {603.150 602.765}
win_select_objects -slct_targets global -at {600.255 598.635} -radius 0.0147
gui_remove_all_rulers -window [gui_get_current_window -types Layout -mru];  gui_remove_all_rulers -window global
gui_zoom -window [gui_get_current_window -types Layout -view] -factor 0.5 -at_point {600.210 598.680}
gui_zoom -window [gui_get_current_window -types Layout -view] -factor 0.5 -at_point {600.135 598.640}
gui_zoom -window [gui_get_current_window -types Layout -view] -factor 0.5 -at_point {600.045 598.620}
gui_zoom -window [gui_get_current_window -types Layout -view] -factor 0.5 -at_point {599.635 598.580}
gui_zoom -window [gui_get_current_window -types Layout -view] -factor 0.5 -at_point {595.050 597.285}
gui_zoom -window [gui_get_current_window -types Layout -view] -factor 0.5 -at_point {577.405 592.580}
gui_zoom -window [gui_get_current_window -types Layout -view] -factor 0.5 -at_point {535.530 579.405}
win_select_objects -slct_targets global -at {378.380 400.615} -radius 1.882
win_select_objects -within {{376.500 374.265} {519.530 504.125}} -slct_targets global -slct_targets_operation clear
gui_zoom -window [gui_get_current_window -types Layout -view] -factor 0.5 -at_point {457.425 590.700}
gui_zoom -window [gui_get_current_window -types Layout -view] -factor 0.5 -at_point {457.380 496.710}
gui_zoom -window [gui_get_current_window -types Layout -view] -factor 0.5 -at_point {441.000 447.560}
gui_zoom -window [gui_get_current_window -types Layout -view] -factor 2 -at_point {372.185 195.245}
gui_zoom -window [gui_get_current_window -types Layout -view] -factor 2 -at_point {359.080 187.055}
gui_zoom -window [gui_get_current_window -types Layout -view] -factor 2 -at_point {353.345 181.320}
gui_zoom -window [gui_get_current_window -types Layout -view] -factor 0.5 -at_point {350.885 183.370}
gui_zoom -window [gui_get_current_window -view] -full
gui_show_man_page compile
gui_zoom -window [gui_get_current_window -types Layout -view] -factor 2 -at_point {593.650 581.205}
gui_zoom -window [gui_get_current_window -types Layout -view] -factor 2 -at_point {611.750 428.375}
gui_zoom -window [gui_get_current_window -types Layout -view] -factor 2 -at_point {613.635 426.020}
gui_zoom -window [gui_get_current_window -types Layout -view] -factor 2 -at_point {611.870 427.900}
gui_zoom -window [gui_get_current_window -types Layout -view] -factor 0.5 -at_point {611.055 428.140}
gui_zoom -window [gui_get_current_window -types Layout -view] -factor 0.5 -at_point {603.400 425.315}
gui_zoom -window [gui_get_current_window -types Layout -view] -factor 0.5 -at_point {602.105 423.905}
# Create Mesh/Straps pattern {layer, width, offset, Pitch}
create_pg_mesh_pattern straps_vddvss -layers {{{vertical_layer : M8 } {width: 3} {pitch: 20} {spacing: interleaving} {offset:1} {trim:true}}  {{horizontal_layer : M9 } {width: 3} {pitch: 20} {spacing: interleaving} {offset:1} {trim:true}}}
# Strategy for design mesh
set_pg_strategy mesh_vddvss -core -pattern {{pattern: straps_vddvss} {nets: VDD VSS}} -extension {{stop: design_boundary_and_generate_pin}}
# Compile/ Implement Mesh
compile_pg -strategies mesh_vddvss
win_select_objects -slct_targets global -at {200.060 357.795} -radius 0.4705
gui_zoom -window [gui_get_current_window -types Layout -view] -factor 0.5 -at_point {228.290 451.900}
gui_zoom -window [gui_get_current_window -types Layout -view] -factor 0.5 -at_point {143.125 473.070}
gui_zoom -window [gui_get_current_window -view] -full
change_selection 
# Create Mesh 2
create_pg_mesh_pattern straps_vddvss2 -layers {{{vertical_layer : M6 } {width: 1.5} {pitch: 30} {spacing: interleaving} {offset:1} {trim:true}}  {{horizontal_layer : M7 } {width: 1.5} {pitch: 30} {spacing: interleaving} {offset:1} {trim:true}}}
# Strategy for design mesh
set_pg_strategy mesh_vddvss2 -core -pattern {{pattern: straps_vddvss2} {nets: VDD VSS}} -extension {{stop: design_boundary_and_generate_pin}}
#-extension  {{stop: outermost_ring}}
# Compile/ Implement Mesh
compile_pg -strategies mesh_vddvss2
gui_zoom -window [gui_get_current_window -types Layout -view] -factor 2 -at_point {338.880 152.810}
gui_set_setting -window [gui_get_current_window -types Layout -mru] -setting showLayer_M6 -value false
gui_set_setting -window [gui_get_current_window -types Layout -mru] -setting showLayer_M6 -value true
win_select_objects -slct_targets global -at {52.320 243.465} -radius 0.4705
gui_zoom -window [gui_get_current_window -types Layout -view] -factor 0.5 -at_point {151.595 338.035}
gui_zoom -window [gui_get_current_window -types Layout -view] -factor 0.5 -at_point {150.655 337.565}
gui_zoom -window [gui_get_current_window -types Layout -view] -factor 0.5 -at_point {88.550 502.240}
gui_zoom -window [gui_get_current_window -types Layout -view] -factor 2 -at_point {24.845 -247.120}
gui_zoom -window [gui_get_current_window -types Layout -view] -factor 2 -at_point {21.570 -112.770}
gui_zoom -window [gui_get_current_window -types Layout -view] -factor 2 -at_point {33.855 31.405}
gui_zoom -window [gui_get_current_window -types Layout -view] -factor 2 -at_point {35.085 29.360}
gui_zoom -window [gui_get_current_window -types Layout -view] -factor 2 -at_point {36.930 28.130}
gui_zoom -window [gui_get_current_window -types Layout -view] -factor 0.5 -at_point {172.505 0.900}
gui_scroll -habs 145.880 -vabs -11.805 -window [gui_get_current_window -view]
gui_scroll -habs 284.325 -vabs -12.625 -window [gui_get_current_window -view]
gui_scroll -habs 416.420 -vabs -11.600 -window [gui_get_current_window -view]
gui_scroll -habs 450.010 -vabs -13.240 -window [gui_get_current_window -view]
gui_zoom -window [gui_get_current_window -view] -full
gui_zoom -window [gui_get_current_window -types Layout -view] -factor 2 -at_point {588.935 610.455}
gui_zoom -window [gui_get_current_window -types Layout -view] -factor 2 -at_point {589.165 610.460}
gui_zoom -window [gui_get_current_window -types Layout -view] -factor 2 -at_point {589.165 610.460}
gui_zoom -window [gui_get_current_window -types Layout -view] -factor 2 -at_point {589.165 610.460}
gui_zoom -window [gui_get_current_window -types Layout -view] -factor 0.5 -at_point {553.240 600.345}
gui_zoom -window [gui_get_current_window -types Layout -view] -factor 0.5 -at_point {550.350 593.520}
gui_zoom -window [gui_get_current_window -types Layout -view] -factor 0.5 -at_point {547.760 589.990}
gui_zoom -window [gui_get_current_window -types Layout -view] -factor 0.5 -at_point {451.310 530.475}
gui_zoom -window [gui_get_current_window -types Layout -view] -factor 0.5 -at_point {387.790 473.070}
change_selection 
gui_zoom -window [gui_get_current_window -view] -full
gui_set_layout_layer_visibility -toggle [get_layers -filter {mask_name == metal9} -quiet]
gui_set_layout_layer_visibility -toggle [get_layers -filter {mask_name == metal8} -quiet]
win_set_filter -visible -class routing_blockage -layer {25 28}
win_set_filter -visible -class shape -filter {} -layer {25 28}
win_set_filter -visible -class via -filter {} -layer {25 28}
win_set_filter -visible -class terminal -filter {}  -layer {25 28}
win_set_filter -class routing_blockage -layer {25 28}
win_set_filter -class shape -filter {} -layer {25 28}
win_set_filter -class via -filter {} -layer {25 28}
gui_zoom -window [gui_get_current_window -types Layout -view] -factor 2 -at_point {313.400 239.620}
gui_zoom -window [gui_get_current_window -types Layout -view] -factor 2 -at_point {313.450 239.700}
gui_zoom -window [gui_get_current_window -types Layout -view] -factor 2 -at_point {313.450 239.700}
gui_zoom -window [gui_get_current_window -types Layout -view] -factor 0.5 -at_point {312.155 240.170}
gui_set_setting -window [gui_get_current_window -types Layout -mru] -setting showPACore -value true
win_set_filter -visible -class site_row -filter {io}
win_set_select_class -visible {cell port bound routing_blockage shaping_blockage pg_region pin_blockage block_shielding topology_node topology_edge core_area die_area site_row edit_group shape via terminal fill_cell placement_blockage }
gui_zoom -window [gui_get_current_window -types Layout -view] -factor 0.5 -at_point {279.575 228.880}
gui_zoom -window [gui_get_current_window -types Layout -view] -factor 0.5 -at_point {279.105 228.880}
gui_zoom -window [gui_get_current_window -types Layout -view] -factor 0.5 -at_point {272.985 234.995}
gui_zoom -window [gui_get_current_window -types Layout -view] -factor 2 -at_point {310.625 346.035}
gui_zoom -window [gui_get_current_window -types Layout -view] -factor 2 -at_point {308.745 346.035}
gui_zoom -window [gui_get_current_window -types Layout -view] -factor 0.5 -at_point {-14.020 260.870}
gui_zoom -window [gui_get_current_window -types Layout -view] -factor 0.5 -at_point {-18.725 259.460}
gui_zoom -window [gui_get_current_window -types Layout -view] -factor 0.5 -at_point {-65.775 195.470}
gui_zoom -window [gui_get_current_window -types Layout -view] -factor 2 -at_point {-158.655 -4.635}
gui_zoom -window [gui_get_current_window -types Layout -view] -factor 2 -at_point {-37.410 -11.190}
gui_zoom -window [gui_get_current_window -types Layout -view] -factor 2 -at_point {-24.305 -6.275}
gui_zoom -window [gui_get_current_window -types Layout -view] -factor 2 -at_point {-17.750 -3.405}
gui_zoom -window [gui_get_current_window -types Layout -view] -factor 2 -at_point {-14.475 -2.180}
gui_zoom -window [gui_get_current_window -types Layout -view] -factor 2 -at_point {-12.425 -1.150}
gui_zoom -window [gui_get_current_window -types Layout -view] -factor 2 -at_point {-11.810 -1.045}
gui_zoom -window [gui_get_current_window -types Layout -view] -factor 2 -at_point {-11.505 -1.020}
gui_zoom -window [gui_get_current_window -types Layout -view] -factor 2 -at_point {-11.350 -1.015}
win_select_objects -slct_targets global -at {-9.720 2.050} -radius 0.0064
gui_zoom -window [gui_get_current_window -types Layout -view] -factor 0.5 -at_point {-9.625 1.965}
gui_zoom -window [gui_get_current_window -types Layout -view] -factor 0.5 -at_point {-9.625 1.965}
gui_mouse_tool -window [gui_get_current_window -types Layout -mru] -start MoveTool
gui_mouse_tool -window [gui_get_current_window -types Layout -mru] -reset
win_select_objects -slct_targets global -at {-3.365 1.225} -radius 0.0256
gui_mouse_tool -window [gui_get_current_window -types Layout -mru] -start MoveTool
gui_mouse_tool -window [gui_get_current_window -types Layout -mru] -add_point {-3.365 1.225} -scale 0.0256
gui_mouse_tool -window [gui_get_current_window -types Layout -mru] -add_point {-10.380 5.830} -scale 0.0256
gui_mouse_tool -window [gui_get_current_window -types Layout -mru] -reset
gui_zoom -window [gui_get_current_window -types Layout -view] -factor 0.5 -at_point {-8.895 5.805}
gui_zoom -window [gui_get_current_window -types Layout -view] -factor 2 -at_point {-8.845 7.025}
gui_zoom -window [gui_get_current_window -types Layout -view] -factor 2 -at_point {-8.895 7.100}
gui_zoom -window [gui_get_current_window -types Layout -view] -factor 2 -at_point {-8.895 7.100}
gui_zoom -window [gui_get_current_window -types Layout -view] -factor 0.5 -at_point {-8.400 6.475}
gui_set_setting -window [gui_get_current_window -types Layout -mru] -setting showPin -value true
gui_set_setting -window [gui_get_current_window -types Layout -mru] -setting showPinCore -value false
gui_set_setting -window [gui_get_current_window -types Layout -mru] -setting showPinHardMacro -value false
gui_set_setting -window [gui_get_current_window -types Layout -mru] -setting showPinSoftMacro -value false
gui_set_setting -window [gui_get_current_window -types Layout -mru] -setting showPinBlackBox -value false
gui_set_setting -window [gui_get_current_window -types Layout -mru] -setting showPinPad -value false
gui_set_setting -window [gui_get_current_window -types Layout -mru] -setting showPinOthers -value false
gui_set_setting -window [gui_get_current_window -types Layout -mru] -setting showPinSignal -value false
gui_set_setting -window [gui_get_current_window -types Layout -mru] -setting showPinClock -value false
gui_set_setting -window [gui_get_current_window -types Layout -mru] -setting showPinReset -value false
gui_set_setting -window [gui_get_current_window -types Layout -mru] -setting showPinScan -value false
gui_set_setting -window [gui_get_current_window -types Layout -mru] -setting showPinTieHigh -value false
gui_set_setting -window [gui_get_current_window -types Layout -mru] -setting showPinTieLow -value false
gui_set_setting -window [gui_get_current_window -types Layout -mru] -setting showPinNWell -value false
gui_set_setting -window [gui_get_current_window -types Layout -mru] -setting showPinPWell -value false
win_set_filter -visible -class pin -filter {black_box clock core hard_macro io nwell others pwell reset scan signal soft_macro tie_high tie_low} -layer {25 28}
win_set_select_class -visible {cell pin port bound routing_blockage shaping_blockage pg_region pin_blockage block_shielding topology_node topology_edge core_area die_area site_row edit_group shape via terminal fill_cell placement_blockage }
win_set_filter -class pin -filter {black_box clock core hard_macro io nwell others pwell reset scan signal soft_macro tie_high tie_low} -layer {25 28}
win_set_select_class {cell pin port bound routing_blockage shaping_blockage pg_region pin_blockage topology_node topology_edge edit_group shape via placement_blockage }
gui_set_setting -window [gui_get_current_window -types Layout -mru] -setting showPinSignal -value true
gui_set_setting -window [gui_get_current_window -types Layout -mru] -setting showPinCore -value true
gui_set_setting -window [gui_get_current_window -types Layout -mru] -setting showPinClock -value true
gui_set_setting -window [gui_get_current_window -types Layout -mru] -setting showPinSignal -value false
gui_set_setting -window [gui_get_current_window -types Layout -mru] -setting showPinClock -value false
win_set_filter -visible -class pin -filter {black_box clock hard_macro io nwell others pwell reset scan signal soft_macro tie_high tie_low} -layer {25 28}
win_set_filter -class pin -filter {black_box clock hard_macro io nwell others pwell reset scan signal soft_macro tie_high tie_low} -layer {25 28}
gui_zoom -window [gui_get_current_window -types Layout -view] -factor 2 -at_point {-9.610 7.225}
gui_zoom -window [gui_get_current_window -types Layout -view] -factor 2 -at_point {-9.605 7.225}
gui_zoom -window [gui_get_current_window -types Layout -view] -factor 0.5 -at_point {-8.340 7.290}
gui_set_setting -window [gui_get_current_window -types Layout -mru] -setting showPinHardMacro -value true
gui_set_setting -window [gui_get_current_window -types Layout -mru] -setting showPinSoftMacro -value true
gui_set_setting -window [gui_get_current_window -types Layout -mru] -setting showPinBlackBox -value true
gui_set_setting -window [gui_get_current_window -types Layout -mru] -setting showPinPad -value true
gui_set_setting -window [gui_get_current_window -types Layout -mru] -setting showPinOthers -value true
win_set_filter -visible -class pin -filter {clock nwell pwell reset scan signal tie_high tie_low} -layer {25 28}
win_set_filter -class pin -filter {clock nwell pwell reset scan signal tie_high tie_low} -layer {25 28}
gui_zoom -window [gui_get_current_window -types Layout -view] -factor 2 -at_point {-8.325 7.355}
gui_zoom -window [gui_get_current_window -types Layout -view] -factor 2 -at_point {-8.325 7.355}
gui_mouse_tool -window [gui_get_current_window -types Layout -mru] -start RulerTool
gui_mouse_tool -window [gui_get_current_window -types Layout -mru] -add_point {-8.185 7.350} -scale 0.0016
gui_mouse_tool -window [gui_get_current_window -types Layout -mru] -add_point {-8.180 7.185} -scale 0.0016
gui_mouse_tool -window [gui_get_current_window -types Layout -mru] -reset
gui_set_mouse_tool_option -tool SELECT -option {Operation} -value {Replace}
gui_zoom -window [gui_get_current_window -types Layout -view] -factor 0.5 -at_point {-8.110 6.865}
gui_zoom -window [gui_get_current_window -types Layout -view] -factor 0.5 -at_point {-8.210 6.865}
gui_zoom -window [gui_get_current_window -types Layout -view] -factor 0.5 -at_point {-8.340 6.625}
gui_zoom -window [gui_get_current_window -types Layout -view] -factor 2 -at_point {-8.350 4.120}
gui_zoom -window [gui_get_current_window -types Layout -view] -factor 2 -at_point {-8.350 4.125}
gui_mouse_tool -window [gui_get_current_window -types Layout -mru] -start RulerTool
gui_mouse_tool -window [gui_get_current_window -types Layout -mru] -add_point {-8.220 4.485} -scale 0.0032
gui_mouse_tool -window [gui_get_current_window -types Layout -mru] -add_point {-8.225 4.300} -scale 0.0032
gui_mouse_tool -window [gui_get_current_window -types Layout -mru] -reset
gui_set_mouse_tool_option -tool SELECT -option {Operation} -value {Replace}
gui_zoom -window [gui_get_current_window -types Layout -view] -factor 0.5 -at_point {-8.610 5.505}
gui_zoom -window [gui_get_current_window -types Layout -view] -factor 0.5 -at_point {-8.580 5.485}
gui_zoom -window [gui_get_current_window -types Layout -view] -factor 0.5 -at_point {-8.510 5.470}
gui_zoom -window [gui_get_current_window -types Layout -view] -factor 2 -at_point {-6.510 4.775}
set rail_strategy rails_M1;
set rail_pattern std_cell_rail;
set rail_layer M1;
set rail_width 0.16;
# Create rails {layer, Width}
create_pg_std_cell_conn_pattern $rail_pattern -layer $rail_layer -rail_width $rail_width
# Define strategies
set_pg_strategy $rail_strategy -core -pattern {{name: std_cell_rail} {nets: VDD VSS}}
compile_pg -strategies $rail_strategy
change_selection 
gui_zoom -window [gui_get_current_window -types Layout -view] -factor 0.5 -at_point {-2.930 2.890}
gui_zoom -window [gui_get_current_window -types Layout -view] -factor 0.5 -at_point {-2.770 2.905}
gui_zoom -window [gui_get_current_window -types Layout -view] -factor 0.5 -at_point {-2.145 3.000}
gui_zoom -window [gui_get_current_window -types Layout -view] -factor 0.5 -at_point {2.245 3.385}
gui_zoom -window [gui_get_current_window -types Layout -view] -factor 0.5 -at_point {13.375 4.985}
gui_zoom -window [gui_get_current_window -types Layout -view] -factor 0.5 -at_point {37.540 10.925}
gui_zoom -window [gui_get_current_window -types Layout -view] -factor 2 -at_point {108.405 126.435}
gui_zoom -window [gui_get_current_window -types Layout -view] -factor 2 -at_point {119.055 128.890}
gui_zoom -window [gui_get_current_window -types Layout -view] -factor 2 -at_point {96.525 116.605}
gui_set_layout_layer_visibility -toggle [get_layers -filter {mask_name == metal6} -quiet]
gui_set_layout_layer_visibility -toggle [get_layers -filter {mask_name == metal7} -quiet]
gui_set_layout_layer_visibility -toggle [get_layers -filter {mask_name == metal1} -quiet]
win_set_filter -visible -class pin -filter {} -layer {4 19 22 25 28}
win_set_filter -visible -class routing_blockage -layer {4 19 22 25 28}
win_set_filter -visible -class shape -filter {} -layer {4 19 22 25 28}
win_set_filter -visible -class via -filter {} -layer {4 19 22 25 28}
win_set_filter -visible -class terminal -filter {}  -layer {4 19 22 25 28}
win_set_filter -class pin -filter {} -layer {4 19 22 25 28}
win_set_filter -class routing_blockage -layer {4 19 22 25 28}
win_set_filter -class shape -filter {} -layer {4 19 22 25 28}
win_set_filter -class via -filter {} -layer {4 19 22 25 28}
win_set_filter -visible -class pin -filter {clock nwell pwell reset scan signal tie_high tie_low} -layer {4 19 22 25 28}
win_set_filter -class pin -filter {clock nwell pwell reset scan signal tie_high tie_low} -layer {4 19 22 25 28}
gui_zoom -window [gui_get_current_window -types Layout -view] -factor 2 -at_point {47.640 89.915}
gui_zoom -window [gui_get_current_window -types Layout -view] -factor 2 -at_point {47.655 89.900}
gui_zoom -window [gui_get_current_window -types Layout -view] -factor 2 -at_point {48.150 90.800}
win_select_objects -slct_targets global -at {45.685 90.960} -radius 0.0128
gui_zoom -window [gui_get_current_window -types Layout -view] -factor 2 -at_point {46.590 90.845}
gui_zoom -window [gui_get_current_window -types Layout -view] -factor 2 -at_point {46.595 90.845}
gui_zoom -window [gui_get_current_window -types Layout -view] -factor 0.5 -at_point {46.745 90.745}
gui_zoom -window [gui_get_current_window -types Layout -view] -factor 0.5 -at_point {46.755 90.740}
gui_zoom -window [gui_get_current_window -types Layout -view] -factor 0.5 -at_point {46.755 90.740}
gui_zoom -window [gui_get_current_window -types Layout -view] -factor 0.5 -at_point {46.760 90.730}
gui_set_layout_layer_visibility -toggle [get_layers -filter {mask_name == metal1} -quiet]
gui_set_layout_layer_visibility -toggle [get_layers -filter {mask_name == metal1} -quiet]
gui_set_layout_layer_visibility -toggle [get_layers -filter {mask_name == metal1} -quiet]
win_set_filter -visible -class pin -filter {} -layer {19 22 25 28}
win_set_filter -visible -class routing_blockage -layer {19 22 25 28}
win_set_filter -visible -class shape -filter {} -layer {19 22 25 28}
win_set_filter -visible -class via -filter {} -layer {19 22 25 28}
win_set_filter -visible -class terminal -filter {}  -layer {19 22 25 28}
win_set_filter -class pin -filter {} -layer {19 22 25 28}
win_set_filter -class routing_blockage -layer {19 22 25 28}
win_set_filter -class shape -filter {} -layer {19 22 25 28}
win_set_filter -class via -filter {} -layer {19 22 25 28}
win_set_filter -visible -class pin -filter {clock nwell pwell reset scan signal tie_high tie_low} -layer {19 22 25 28}
win_set_filter -class pin -filter {clock nwell pwell reset scan signal tie_high tie_low} -layer {19 22 25 28}
gui_zoom -window [gui_get_current_window -types Layout -view] -factor 2 -at_point {43.315 91.980}
gui_zoom -window [gui_get_current_window -types Layout -view] -factor 0.5 -at_point {54.615 93.180}
gui_zoom -window [gui_get_current_window -types Layout -view] -factor 0.5 -at_point {54.620 93.055}
gui_zoom -window [gui_get_current_window -types Layout -view] -factor 2 -at_point {49.300 75.120}
win_select_objects -slct_targets global -at {47.585 75.535} -radius 0.0507
gui_set_layout_layer_visibility -toggle [get_layers -filter {mask_name == metal8} -quiet]
gui_set_layout_layer_visibility -toggle [get_layers -filter {mask_name == metal9} -quiet]
gui_set_layout_layer_visibility -toggle [get_layers -filter {mask_name == metal9} -quiet]
gui_set_layout_layer_visibility -toggle [get_layers -filter {mask_name == metal8} -quiet]
gui_set_setting -window [gui_get_current_window -types Layout -mru] -setting showLayer_PODMY -value false
gui_set_setting -window [gui_get_current_window -types Layout -mru] -setting showLayer_M1 -value false
gui_set_setting -window [gui_get_current_window -types Layout -mru] -setting showLayer_M1DMY -value false
gui_set_setting -window [gui_get_current_window -types Layout -mru] -setting showLayer_M2 -value false
gui_set_setting -window [gui_get_current_window -types Layout -mru] -setting showLayer_M2DMY -value false
gui_set_setting -window [gui_get_current_window -types Layout -mru] -setting showLayer_M3 -value false
gui_set_setting -window [gui_get_current_window -types Layout -mru] -setting showLayer_M3DMY -value false
gui_set_setting -window [gui_get_current_window -types Layout -mru] -setting showLayer_M4 -value false
gui_set_setting -window [gui_get_current_window -types Layout -mru] -setting showLayer_M4DMY -value false
gui_set_setting -window [gui_get_current_window -types Layout -mru] -setting showLayer_M5 -value false
gui_set_setting -window [gui_get_current_window -types Layout -mru] -setting showLayer_M5DMY -value false
gui_set_setting -window [gui_get_current_window -types Layout -mru] -setting showLayer_M6DMY -value false
gui_set_setting -window [gui_get_current_window -types Layout -mru] -setting showLayer_M7DMY -value false
gui_set_setting -window [gui_get_current_window -types Layout -mru] -setting showLayer_M8DMY -value false
gui_set_setting -window [gui_get_current_window -types Layout -mru] -setting showLayer_M9DMY -value false
gui_set_setting -window [gui_get_current_window -types Layout -mru] -setting showLayer_BJTDMY -value false
gui_set_setting -window [gui_get_current_window -types Layout -mru] -setting showLayer_DDMY -value false
gui_set_setting -window [gui_get_current_window -types Layout -mru] -setting showLayer_DM1EXCL -value false
gui_set_setting -window [gui_get_current_window -types Layout -mru] -setting showLayer_DM2EXCL -value false
gui_set_setting -window [gui_get_current_window -types Layout -mru] -setting showLayer_DM3EXCL -value false
gui_set_setting -window [gui_get_current_window -types Layout -mru] -setting showLayer_DM4EXCL -value false
gui_set_setting -window [gui_get_current_window -types Layout -mru] -setting showLayer_DM5EXCL -value false
gui_set_setting -window [gui_get_current_window -types Layout -mru] -setting showLayer_DM6EXCL -value false
gui_set_setting -window [gui_get_current_window -types Layout -mru] -setting showLayer_DM7EXCL -value false
gui_set_setting -window [gui_get_current_window -types Layout -mru] -setting showLayer_DM8EXCL -value false
gui_set_setting -window [gui_get_current_window -types Layout -mru] -setting showLayer_DM9EXCL -value false
gui_set_setting -window [gui_get_current_window -types Layout -mru] -setting showLayer_HVTIMP -value false
gui_set_setting -window [gui_get_current_window -types Layout -mru] -setting showLayer_LVTIMP -value false
gui_set_setting -window [gui_get_current_window -types Layout -mru] -setting showLayer_M1PIN -value false
gui_set_setting -window [gui_get_current_window -types Layout -mru] -setting showLayer_M2PIN -value false
gui_set_setting -window [gui_get_current_window -types Layout -mru] -setting showLayer_M3PIN -value false
gui_set_setting -window [gui_get_current_window -types Layout -mru] -setting showLayer_M4PIN -value false
gui_set_setting -window [gui_get_current_window -types Layout -mru] -setting showLayer_M5PIN -value false
gui_set_setting -window [gui_get_current_window -types Layout -mru] -setting showLayer_M6PIN -value false
gui_set_setting -window [gui_get_current_window -types Layout -mru] -setting showLayer_M7PIN -value false
gui_set_setting -window [gui_get_current_window -types Layout -mru] -setting showLayer_M8PIN -value false
gui_set_setting -window [gui_get_current_window -types Layout -mru] -setting showLayer_M9PIN -value false
gui_set_setting -window [gui_get_current_window -types Layout -mru] -setting showLayer_NIMP -value false
gui_set_setting -window [gui_get_current_window -types Layout -mru] -setting showLayer_PIMP -value false
gui_set_setting -window [gui_get_current_window -types Layout -mru] -setting showLayer_RM1 -value false
gui_set_setting -window [gui_get_current_window -types Layout -mru] -setting showLayer_RM2 -value false
gui_set_setting -window [gui_get_current_window -types Layout -mru] -setting showLayer_RM3 -value false
gui_set_setting -window [gui_get_current_window -types Layout -mru] -setting showLayer_RM4 -value false
gui_set_setting -window [gui_get_current_window -types Layout -mru] -setting showLayer_RM5 -value false
gui_set_setting -window [gui_get_current_window -types Layout -mru] -setting showLayer_RM6 -value false
gui_set_setting -window [gui_get_current_window -types Layout -mru] -setting showLayer_RM7 -value false
gui_set_setting -window [gui_get_current_window -types Layout -mru] -setting showLayer_RM8 -value false
gui_set_setting -window [gui_get_current_window -types Layout -mru] -setting showLayer_RM9 -value false
win_set_filter -visible -class pin -filter {} -layer {2 4-5 7-8 10-11 13-14 16-17 19-20 22-23 25-26 28-30 32 35-43 47 50-60 62 64-72}
win_set_filter -visible -class routing_blockage -layer {2 4-5 7-8 10-11 13-14 16-17 19-20 22-23 25-26 28-30 32 35-43 47 50-60 62 64-72}
win_set_filter -visible -class shape -filter {} -layer {2 4-5 7-8 10-11 13-14 16-17 19-20 22-23 25-26 28-30 32 35-43 47 50-60 62 64-72}
win_set_filter -visible -class via -filter {} -layer {2 4-5 7-8 10-11 13-14 16-17 19-20 22-23 25-26 28-30 32 35-43 47 50-60 62 64-72}
win_set_filter -visible -class terminal -filter {}  -layer {2 4-5 7-8 10-11 13-14 16-17 19-20 22-23 25-26 28-30 32 35-43 47 50-60 62 64-72}
win_set_filter -class pin -filter {} -layer {2 4-5 7-8 10-11 13-14 16-17 19-20 22-23 25-26 28-30 32 35-43 47 50-60 62 64-72}
win_set_filter -class routing_blockage -layer {2 4-5 7-8 10-11 13-14 16-17 19-20 22-23 25-26 28-30 32 35-43 47 50-60 62 64-72}
win_set_filter -class shape -filter {} -layer {2 4-5 7-8 10-11 13-14 16-17 19-20 22-23 25-26 28-30 32 35-43 47 50-60 62 64-72}
win_set_filter -class via -filter {} -layer {2 4-5 7-8 10-11 13-14 16-17 19-20 22-23 25-26 28-30 32 35-43 47 50-60 62 64-72}
win_set_filter -visible -class pin -filter {clock nwell pwell reset scan signal tie_high tie_low} -layer {2 4-5 7-8 10-11 13-14 16-17 19-20 22-23 25-26 28-30 32 35-43 47 50-60 62 64-72}
win_set_filter -class pin -filter {clock nwell pwell reset scan signal tie_high tie_low} -layer {2 4-5 7-8 10-11 13-14 16-17 19-20 22-23 25-26 28-30 32 35-43 47 50-60 62 64-72}
gui_set_setting -window [gui_get_current_window -types Layout -mru] -setting showPACore -value false
gui_set_setting -window [gui_get_current_window -types Layout -mru] -setting showLayer_VIA1 -value false
gui_set_setting -window [gui_get_current_window -types Layout -mru] -setting showLayer_VIA2 -value false
gui_set_setting -window [gui_get_current_window -types Layout -mru] -setting showLayer_VIA3 -value false
gui_set_setting -window [gui_get_current_window -types Layout -mru] -setting showLayer_VIA4 -value false
gui_set_setting -window [gui_get_current_window -types Layout -mru] -setting showLayer_VIA5 -value false
gui_set_setting -window [gui_get_current_window -types Layout -mru] -setting showLayer_VIA6 -value false
gui_set_setting -window [gui_get_current_window -types Layout -mru] -setting showLayer_VIA7 -value false
gui_set_setting -window [gui_get_current_window -types Layout -mru] -setting showLayer_VIA8 -value false
win_set_filter -visible -class pin -filter {} -layer {2 4-30 32 35-43 47 50-60 62 64-72}
win_set_filter -visible -class routing_blockage -layer {2 4-30 32 35-43 47 50-60 62 64-72}
win_set_filter -visible -class shape -filter {} -layer {2 4-30 32 35-43 47 50-60 62 64-72}
win_set_filter -visible -class via -filter {} -layer {2 4-30 32 35-43 47 50-60 62 64-72}
win_set_filter -visible -class terminal -filter {}  -layer {2 4-30 32 35-43 47 50-60 62 64-72}
win_set_select_class -visible {cell pin port bound routing_blockage shaping_blockage pg_region pin_blockage block_shielding topology_node topology_edge core_area die_area edit_group shape via terminal fill_cell placement_blockage }
win_set_filter -class pin -filter {} -layer {2 4-30 32 35-43 47 50-60 62 64-72}
win_set_filter -class routing_blockage -layer {2 4-30 32 35-43 47 50-60 62 64-72}
win_set_filter -class shape -filter {} -layer {2 4-30 32 35-43 47 50-60 62 64-72}
win_set_filter -class via -filter {} -layer {2 4-30 32 35-43 47 50-60 62 64-72}
win_set_filter -visible -class pin -filter {clock nwell pwell reset scan signal tie_high tie_low} -layer {2 4-30 32 35-43 47 50-60 62 64-72}
win_set_filter -class pin -filter {clock nwell pwell reset scan signal tie_high tie_low} -layer {2 4-30 32 35-43 47 50-60 62 64-72}
win_select_objects -slct_targets global -at {23.695 93.490} -radius 0.0507
win_select_objects -slct_targets global -at {37.035 97.145} -radius 0.0507
gui_set_layout_layer_visibility -toggle [get_layers -filter {mask_name == metal1} -quiet]
win_set_filter -visible -class pin -filter {} -layer {2 5-30 32 35-43 47 50-60 62 64-72}
win_set_filter -visible -class routing_blockage -layer {2 5-30 32 35-43 47 50-60 62 64-72}
win_set_filter -visible -class shape -filter {} -layer {2 5-30 32 35-43 47 50-60 62 64-72}
win_set_filter -visible -class via -filter {} -layer {2 5-30 32 35-43 47 50-60 62 64-72}
win_set_filter -visible -class terminal -filter {}  -layer {2 5-30 32 35-43 47 50-60 62 64-72}
win_set_filter -class pin -filter {} -layer {2 5-30 32 35-43 47 50-60 62 64-72}
win_set_filter -class routing_blockage -layer {2 5-30 32 35-43 47 50-60 62 64-72}
win_set_filter -class shape -filter {} -layer {2 5-30 32 35-43 47 50-60 62 64-72}
win_set_filter -class via -filter {} -layer {2 5-30 32 35-43 47 50-60 62 64-72}
win_set_filter -visible -class pin -filter {clock nwell pwell reset scan signal tie_high tie_low} -layer {2 5-30 32 35-43 47 50-60 62 64-72}
win_set_filter -class pin -filter {clock nwell pwell reset scan signal tie_high tie_low} -layer {2 5-30 32 35-43 47 50-60 62 64-72}
gui_zoom -window [gui_get_current_window -types Layout -view] -factor 2 -at_point {25.875 81.370}
gui_zoom -window [gui_get_current_window -types Layout -view] -factor 2 -at_point {25.875 81.375}
gui_zoom -window [gui_get_current_window -types Layout -view] -factor 0.5 -at_point {27.930 82.620}
gui_set_setting -window [gui_get_current_window -types Layout -mru] -setting showLayer_VIA1 -value true
win_set_filter -visible -class pin -filter {} -layer {2 5 7-30 32 35-43 47 50-60 62 64-72}
win_set_filter -visible -class routing_blockage -layer {2 5 7-30 32 35-43 47 50-60 62 64-72}
win_set_filter -visible -class shape -filter {} -layer {2 5 7-30 32 35-43 47 50-60 62 64-72}
win_set_filter -visible -class via -filter {} -layer {2 5 7-30 32 35-43 47 50-60 62 64-72}
win_set_filter -visible -class terminal -filter {}  -layer {2 5 7-30 32 35-43 47 50-60 62 64-72}
win_set_filter -class pin -filter {} -layer {2 5 7-30 32 35-43 47 50-60 62 64-72}
win_set_filter -class routing_blockage -layer {2 5 7-30 32 35-43 47 50-60 62 64-72}
win_set_filter -class shape -filter {} -layer {2 5 7-30 32 35-43 47 50-60 62 64-72}
win_set_filter -class via -filter {} -layer {2 5 7-30 32 35-43 47 50-60 62 64-72}
win_set_filter -visible -class pin -filter {clock nwell pwell reset scan signal tie_high tie_low} -layer {2 5 7-30 32 35-43 47 50-60 62 64-72}
win_set_filter -class pin -filter {clock nwell pwell reset scan signal tie_high tie_low} -layer {2 5 7-30 32 35-43 47 50-60 62 64-72}
gui_zoom -window [gui_get_current_window -types Layout -view] -factor 0.5 -at_point {34.385 82.175}
gui_zoom -window [gui_get_current_window -types Layout -view] -factor 0.5 -at_point {34.330 82.165}
gui_set_layout_layer_visibility -toggle [get_layers -filter {mask_name == metal8} -quiet]
gui_set_layout_layer_visibility -toggle [get_layers -filter {mask_name == metal9} -quiet]
win_set_filter -visible -class pin -filter {} -layer {2 5 7-24 26-27 29-30 32 35-43 47 50-60 62 64-72}
win_set_filter -visible -class routing_blockage -layer {2 5 7-24 26-27 29-30 32 35-43 47 50-60 62 64-72}
win_set_filter -visible -class shape -filter {} -layer {2 5 7-24 26-27 29-30 32 35-43 47 50-60 62 64-72}
win_set_filter -visible -class via -filter {} -layer {2 5 7-24 26-27 29-30 32 35-43 47 50-60 62 64-72}
win_set_filter -visible -class terminal -filter {}  -layer {2 5 7-24 26-27 29-30 32 35-43 47 50-60 62 64-72}
win_set_filter -class pin -filter {} -layer {2 5 7-24 26-27 29-30 32 35-43 47 50-60 62 64-72}
win_set_filter -class routing_blockage -layer {2 5 7-24 26-27 29-30 32 35-43 47 50-60 62 64-72}
win_set_filter -class shape -filter {} -layer {2 5 7-24 26-27 29-30 32 35-43 47 50-60 62 64-72}
win_set_filter -class via -filter {} -layer {2 5 7-24 26-27 29-30 32 35-43 47 50-60 62 64-72}
win_set_filter -visible -class pin -filter {clock nwell pwell reset scan signal tie_high tie_low} -layer {2 5 7-24 26-27 29-30 32 35-43 47 50-60 62 64-72}
win_set_filter -class pin -filter {clock nwell pwell reset scan signal tie_high tie_low} -layer {2 5 7-24 26-27 29-30 32 35-43 47 50-60 62 64-72}
gui_zoom -window [gui_get_current_window -types Layout -view] -factor 2 -at_point {36.020 90.785}
gui_zoom -window [gui_get_current_window -types Layout -view] -factor 2 -at_point {36.040 90.770}
gui_zoom -window [gui_get_current_window -types Layout -view] -factor 0.5 -at_point {26.790 91.545}
gui_zoom -window [gui_get_current_window -types Layout -view] -factor 2 -at_point {10.140 95.115}
gui_zoom -window [gui_get_current_window -types Layout -view] -factor 2 -at_point {9.900 95.120}
gui_zoom -window [gui_get_current_window -types Layout -view] -factor 0.5 -at_point {10.490 93.505}
gui_zoom -window [gui_get_current_window -types Layout -view] -factor 0.5 -at_point {10.480 93.510}
gui_zoom -window [gui_get_current_window -types Layout -view] -factor 2 -at_point {21.465 99.155}
gui_zoom -window [gui_get_current_window -types Layout -view] -factor 2 -at_point {21.465 99.165}
gui_zoom -window [gui_get_current_window -types Layout -view] -factor 0.5 -at_point {25.065 98.420}
gui_zoom -window [gui_get_current_window -types Layout -view] -factor 0.5 -at_point {25.065 98.425}
gui_set_setting -window [gui_get_current_window -types Layout -mru] -setting showLayer_VIA2 -value true
win_set_filter -visible -class pin -filter {} -layer {2 5 7-8 10-24 26-27 29-30 32 35-43 47 50-60 62 64-72}
win_set_filter -visible -class routing_blockage -layer {2 5 7-8 10-24 26-27 29-30 32 35-43 47 50-60 62 64-72}
win_set_filter -visible -class shape -filter {} -layer {2 5 7-8 10-24 26-27 29-30 32 35-43 47 50-60 62 64-72}
win_set_filter -visible -class via -filter {} -layer {2 5 7-8 10-24 26-27 29-30 32 35-43 47 50-60 62 64-72}
win_set_filter -visible -class terminal -filter {}  -layer {2 5 7-8 10-24 26-27 29-30 32 35-43 47 50-60 62 64-72}
win_set_filter -class pin -filter {} -layer {2 5 7-8 10-24 26-27 29-30 32 35-43 47 50-60 62 64-72}
win_set_filter -class routing_blockage -layer {2 5 7-8 10-24 26-27 29-30 32 35-43 47 50-60 62 64-72}
win_set_filter -class shape -filter {} -layer {2 5 7-8 10-24 26-27 29-30 32 35-43 47 50-60 62 64-72}
win_set_filter -class via -filter {} -layer {2 5 7-8 10-24 26-27 29-30 32 35-43 47 50-60 62 64-72}
win_set_filter -visible -class pin -filter {clock nwell pwell reset scan signal tie_high tie_low} -layer {2 5 7-8 10-24 26-27 29-30 32 35-43 47 50-60 62 64-72}
win_set_filter -class pin -filter {clock nwell pwell reset scan signal tie_high tie_low} -layer {2 5 7-8 10-24 26-27 29-30 32 35-43 47 50-60 62 64-72}
gui_set_setting -window [gui_get_current_window -types Layout -mru] -setting showLayer_VIA3 -value true
gui_set_setting -window [gui_get_current_window -types Layout -mru] -setting showLayer_VIA4 -value true
gui_set_setting -window [gui_get_current_window -types Layout -mru] -setting showLayer_VIA5 -value true
gui_set_setting -window [gui_get_current_window -types Layout -mru] -setting showLayer_VIA6 -value true
win_set_filter -visible -class pin -filter {} -layer {2 5 7-8 10-11 13-14 16-17 19-20 22-24 26-27 29-30 32 35-43 47 50-60 62 64-72}
win_set_filter -visible -class routing_blockage -layer {2 5 7-8 10-11 13-14 16-17 19-20 22-24 26-27 29-30 32 35-43 47 50-60 62 64-72}
win_set_filter -visible -class shape -filter {} -layer {2 5 7-8 10-11 13-14 16-17 19-20 22-24 26-27 29-30 32 35-43 47 50-60 62 64-72}
win_set_filter -visible -class via -filter {} -layer {2 5 7-8 10-11 13-14 16-17 19-20 22-24 26-27 29-30 32 35-43 47 50-60 62 64-72}
win_set_filter -visible -class terminal -filter {}  -layer {2 5 7-8 10-11 13-14 16-17 19-20 22-24 26-27 29-30 32 35-43 47 50-60 62 64-72}
win_set_filter -class pin -filter {} -layer {2 5 7-8 10-11 13-14 16-17 19-20 22-24 26-27 29-30 32 35-43 47 50-60 62 64-72}
win_set_filter -class routing_blockage -layer {2 5 7-8 10-11 13-14 16-17 19-20 22-24 26-27 29-30 32 35-43 47 50-60 62 64-72}
win_set_filter -class shape -filter {} -layer {2 5 7-8 10-11 13-14 16-17 19-20 22-24 26-27 29-30 32 35-43 47 50-60 62 64-72}
win_set_filter -class via -filter {} -layer {2 5 7-8 10-11 13-14 16-17 19-20 22-24 26-27 29-30 32 35-43 47 50-60 62 64-72}
win_set_filter -visible -class pin -filter {clock nwell pwell reset scan signal tie_high tie_low} -layer {2 5 7-8 10-11 13-14 16-17 19-20 22-24 26-27 29-30 32 35-43 47 50-60 62 64-72}
win_set_filter -class pin -filter {clock nwell pwell reset scan signal tie_high tie_low} -layer {2 5 7-8 10-11 13-14 16-17 19-20 22-24 26-27 29-30 32 35-43 47 50-60 62 64-72}
gui_set_layout_layer_visibility -toggle [get_layers -filter {mask_name == metal6} -quiet]
gui_set_layout_layer_visibility -toggle [get_layers -filter {mask_name == metal7} -quiet]
win_set_filter -visible -class pin -filter {} -layer {2 5 7-8 10-11 13-14 16-17 20 23-24 26-27 29-30 32 35-43 47 50-60 62 64-72}
win_set_filter -visible -class routing_blockage -layer {2 5 7-8 10-11 13-14 16-17 20 23-24 26-27 29-30 32 35-43 47 50-60 62 64-72}
win_set_filter -visible -class shape -filter {} -layer {2 5 7-8 10-11 13-14 16-17 20 23-24 26-27 29-30 32 35-43 47 50-60 62 64-72}
win_set_filter -visible -class via -filter {} -layer {2 5 7-8 10-11 13-14 16-17 20 23-24 26-27 29-30 32 35-43 47 50-60 62 64-72}
win_set_filter -visible -class terminal -filter {}  -layer {2 5 7-8 10-11 13-14 16-17 20 23-24 26-27 29-30 32 35-43 47 50-60 62 64-72}
win_set_filter -class pin -filter {} -layer {2 5 7-8 10-11 13-14 16-17 20 23-24 26-27 29-30 32 35-43 47 50-60 62 64-72}
win_set_filter -class routing_blockage -layer {2 5 7-8 10-11 13-14 16-17 20 23-24 26-27 29-30 32 35-43 47 50-60 62 64-72}
win_set_filter -class shape -filter {} -layer {2 5 7-8 10-11 13-14 16-17 20 23-24 26-27 29-30 32 35-43 47 50-60 62 64-72}
win_set_filter -class via -filter {} -layer {2 5 7-8 10-11 13-14 16-17 20 23-24 26-27 29-30 32 35-43 47 50-60 62 64-72}
win_set_filter -visible -class pin -filter {clock nwell pwell reset scan signal tie_high tie_low} -layer {2 5 7-8 10-11 13-14 16-17 20 23-24 26-27 29-30 32 35-43 47 50-60 62 64-72}
win_set_filter -class pin -filter {clock nwell pwell reset scan signal tie_high tie_low} -layer {2 5 7-8 10-11 13-14 16-17 20 23-24 26-27 29-30 32 35-43 47 50-60 62 64-72}
gui_set_setting -window [gui_get_current_window -types Layout -mru] -setting showLayer_VIA7 -value true
win_set_filter -visible -class pin -filter {} -layer {2 5 7-8 10-11 13-14 16-17 20 23 26-27 29-30 32 35-43 47 50-60 62 64-72}
win_set_filter -visible -class routing_blockage -layer {2 5 7-8 10-11 13-14 16-17 20 23 26-27 29-30 32 35-43 47 50-60 62 64-72}
win_set_filter -visible -class shape -filter {} -layer {2 5 7-8 10-11 13-14 16-17 20 23 26-27 29-30 32 35-43 47 50-60 62 64-72}
win_set_filter -visible -class via -filter {} -layer {2 5 7-8 10-11 13-14 16-17 20 23 26-27 29-30 32 35-43 47 50-60 62 64-72}
win_set_filter -visible -class terminal -filter {}  -layer {2 5 7-8 10-11 13-14 16-17 20 23 26-27 29-30 32 35-43 47 50-60 62 64-72}
win_set_filter -class pin -filter {} -layer {2 5 7-8 10-11 13-14 16-17 20 23 26-27 29-30 32 35-43 47 50-60 62 64-72}
win_set_filter -class routing_blockage -layer {2 5 7-8 10-11 13-14 16-17 20 23 26-27 29-30 32 35-43 47 50-60 62 64-72}
win_set_filter -class shape -filter {} -layer {2 5 7-8 10-11 13-14 16-17 20 23 26-27 29-30 32 35-43 47 50-60 62 64-72}
win_set_filter -class via -filter {} -layer {2 5 7-8 10-11 13-14 16-17 20 23 26-27 29-30 32 35-43 47 50-60 62 64-72}
win_set_filter -visible -class pin -filter {clock nwell pwell reset scan signal tie_high tie_low} -layer {2 5 7-8 10-11 13-14 16-17 20 23 26-27 29-30 32 35-43 47 50-60 62 64-72}
win_set_filter -class pin -filter {clock nwell pwell reset scan signal tie_high tie_low} -layer {2 5 7-8 10-11 13-14 16-17 20 23 26-27 29-30 32 35-43 47 50-60 62 64-72}
gui_set_setting -window [gui_get_current_window -types Layout -mru] -setting showLayer_VIA8 -value true
win_set_filter -visible -class pin -filter {} -layer {2 5 7-8 10-11 13-14 16-17 20 23 26 29-30 32 35-43 47 50-60 62 64-72}
win_set_filter -visible -class routing_blockage -layer {2 5 7-8 10-11 13-14 16-17 20 23 26 29-30 32 35-43 47 50-60 62 64-72}
win_set_filter -visible -class shape -filter {} -layer {2 5 7-8 10-11 13-14 16-17 20 23 26 29-30 32 35-43 47 50-60 62 64-72}
win_set_filter -visible -class via -filter {} -layer {2 5 7-8 10-11 13-14 16-17 20 23 26 29-30 32 35-43 47 50-60 62 64-72}
win_set_filter -visible -class terminal -filter {}  -layer {2 5 7-8 10-11 13-14 16-17 20 23 26 29-30 32 35-43 47 50-60 62 64-72}
win_set_filter -class pin -filter {} -layer {2 5 7-8 10-11 13-14 16-17 20 23 26 29-30 32 35-43 47 50-60 62 64-72}
win_set_filter -class routing_blockage -layer {2 5 7-8 10-11 13-14 16-17 20 23 26 29-30 32 35-43 47 50-60 62 64-72}
win_set_filter -class shape -filter {} -layer {2 5 7-8 10-11 13-14 16-17 20 23 26 29-30 32 35-43 47 50-60 62 64-72}
win_set_filter -class via -filter {} -layer {2 5 7-8 10-11 13-14 16-17 20 23 26 29-30 32 35-43 47 50-60 62 64-72}
win_set_filter -visible -class pin -filter {clock nwell pwell reset scan signal tie_high tie_low} -layer {2 5 7-8 10-11 13-14 16-17 20 23 26 29-30 32 35-43 47 50-60 62 64-72}
win_set_filter -class pin -filter {clock nwell pwell reset scan signal tie_high tie_low} -layer {2 5 7-8 10-11 13-14 16-17 20 23 26 29-30 32 35-43 47 50-60 62 64-72}
gui_zoom -window [gui_get_current_window -types Layout -view] -factor 2 -at_point {32.220 95.925}
gui_zoom -window [gui_get_current_window -types Layout -view] -factor 2 -at_point {31.460 96.450}
gui_zoom -window [gui_get_current_window -types Layout -view] -factor 2 -at_point {31.455 96.455}
gui_zoom -window [gui_get_current_window -types Layout -view] -factor 2 -at_point {31.455 96.455}
gui_zoom -window [gui_get_current_window -types Layout -view] -factor 0.5 -at_point {31.455 96.455}
gui_zoom -window [gui_get_current_window -types Layout -view] -factor 0.5 -at_point {31.460 96.455}
gui_set_setting -window [gui_get_current_window -types Layout -mru] -setting showLayer_VIA5 -value false
win_set_filter -visible -class pin -filter {} -layer {2 5 7-8 10-11 13-14 16-18 20 23 26 29-30 32 35-43 47 50-60 62 64-72}
win_set_filter -visible -class routing_blockage -layer {2 5 7-8 10-11 13-14 16-18 20 23 26 29-30 32 35-43 47 50-60 62 64-72}
win_set_filter -visible -class shape -filter {} -layer {2 5 7-8 10-11 13-14 16-18 20 23 26 29-30 32 35-43 47 50-60 62 64-72}
win_set_filter -visible -class via -filter {} -layer {2 5 7-8 10-11 13-14 16-18 20 23 26 29-30 32 35-43 47 50-60 62 64-72}
win_set_filter -visible -class terminal -filter {}  -layer {2 5 7-8 10-11 13-14 16-18 20 23 26 29-30 32 35-43 47 50-60 62 64-72}
win_set_filter -class pin -filter {} -layer {2 5 7-8 10-11 13-14 16-18 20 23 26 29-30 32 35-43 47 50-60 62 64-72}
win_set_filter -class routing_blockage -layer {2 5 7-8 10-11 13-14 16-18 20 23 26 29-30 32 35-43 47 50-60 62 64-72}
win_set_filter -class shape -filter {} -layer {2 5 7-8 10-11 13-14 16-18 20 23 26 29-30 32 35-43 47 50-60 62 64-72}
win_set_filter -class via -filter {} -layer {2 5 7-8 10-11 13-14 16-18 20 23 26 29-30 32 35-43 47 50-60 62 64-72}
win_set_filter -visible -class pin -filter {clock nwell pwell reset scan signal tie_high tie_low} -layer {2 5 7-8 10-11 13-14 16-18 20 23 26 29-30 32 35-43 47 50-60 62 64-72}
win_set_filter -class pin -filter {clock nwell pwell reset scan signal tie_high tie_low} -layer {2 5 7-8 10-11 13-14 16-18 20 23 26 29-30 32 35-43 47 50-60 62 64-72}
gui_zoom -window [gui_get_current_window -types Layout -view] -factor 0.5 -at_point {32.305 96.320}
gui_set_setting -window [gui_get_current_window -types Layout -mru] -setting showLayer_VIA5 -value true
gui_set_setting -window [gui_get_current_window -types Layout -mru] -setting showLayer_VIA4 -value false
gui_set_setting -window [gui_get_current_window -types Layout -mru] -setting showLayer_VIA5 -value false
gui_set_setting -window [gui_get_current_window -types Layout -mru] -setting showLayer_VIA6 -value false
gui_set_setting -window [gui_get_current_window -types Layout -mru] -setting showLayer_VIA7 -value false
gui_set_setting -window [gui_get_current_window -types Layout -mru] -setting showLayer_VIA8 -value false
gui_set_setting -window [gui_get_current_window -types Layout -mru] -setting showLayer_VIA3 -value false
gui_set_setting -window [gui_get_current_window -types Layout -mru] -setting showLayer_VIA3 -value true
win_set_filter -visible -class pin -filter {} -layer {2 5 7-8 10-11 13-18 20-21 23-24 26-27 29-30 32 35-43 47 50-60 62 64-72}
win_set_filter -visible -class routing_blockage -layer {2 5 7-8 10-11 13-18 20-21 23-24 26-27 29-30 32 35-43 47 50-60 62 64-72}
win_set_filter -visible -class shape -filter {} -layer {2 5 7-8 10-11 13-18 20-21 23-24 26-27 29-30 32 35-43 47 50-60 62 64-72}
win_set_filter -visible -class via -filter {} -layer {2 5 7-8 10-11 13-18 20-21 23-24 26-27 29-30 32 35-43 47 50-60 62 64-72}
win_set_filter -visible -class terminal -filter {}  -layer {2 5 7-8 10-11 13-18 20-21 23-24 26-27 29-30 32 35-43 47 50-60 62 64-72}
win_set_filter -class pin -filter {} -layer {2 5 7-8 10-11 13-18 20-21 23-24 26-27 29-30 32 35-43 47 50-60 62 64-72}
win_set_filter -class routing_blockage -layer {2 5 7-8 10-11 13-18 20-21 23-24 26-27 29-30 32 35-43 47 50-60 62 64-72}
win_set_filter -class shape -filter {} -layer {2 5 7-8 10-11 13-18 20-21 23-24 26-27 29-30 32 35-43 47 50-60 62 64-72}
win_set_filter -class via -filter {} -layer {2 5 7-8 10-11 13-18 20-21 23-24 26-27 29-30 32 35-43 47 50-60 62 64-72}
win_set_filter -visible -class pin -filter {clock nwell pwell reset scan signal tie_high tie_low} -layer {2 5 7-8 10-11 13-18 20-21 23-24 26-27 29-30 32 35-43 47 50-60 62 64-72}
win_set_filter -class pin -filter {clock nwell pwell reset scan signal tie_high tie_low} -layer {2 5 7-8 10-11 13-18 20-21 23-24 26-27 29-30 32 35-43 47 50-60 62 64-72}
# Connect pins of cells and submodules to rails
# hierarchical (include top module + sub modules)
connect_pg_net -net VDD [get_pins -hierarchical */VDD]
connect_pg_net -net VSS [get_pins -hierarchical */VSS]
check_pg_drc
check_pg_connectivity
check_pg_missing_vias
gui_mouse_tool -window [gui_get_current_window -types Layout -mru] -start MoveTool
gui_zoom -window [gui_get_current_window -view] -clct [get_designs] -fit
gui_show_man_page check_pg_connectivity
# Connectivity check for PG networks, standard cell PG pins
check_pg_connectivity -check_std_cell_pins none;             # ignore the floating std cells for now
#######################################################################
# --------------- Files Handling ------------- #
#######################################################################
sh rm    -r ../results/reports
sh rm    -r ../results/outputs
sh mkdir -p ../results/reports
sh mkdir -p ../results/outputs
#######################################################################
# --------------- Reports & Outputs ------------- #
#######################################################################
check_pg_drc                    > ../results/reports/pg_drc.rpt
check_pg_connectivity           > ../results/reports/pg_connectivity.rpt
check_pg_missing_vias           > ../results/reports/missing_via.rpt
write_verilog -include {all}    ../results/outputs/${design}.v
write_sdc -output               ../results/outputs/${design}.sdc
write_def ../results/outputs/${design}.def
#######################################################################
# --------------- Save Block ------------- #
#######################################################################
save_block -as ${design}_${current_stage} ${design}.dlib:${design}_${current_stage}.design
