 
****************************************
Report : Scan path
Design : mips_16
Version: O-2018.06-SP1
Date   : Mon Aug 17 07:41:55 2026
****************************************

========================================
TEST MODE: Internal_scan
VIEW     : Specification
========================================
No scan path defined in this mode.

 
****************************************
Report : Scan path
Design : mips_16
Version: O-2018.06-SP1
Date   : Mon Aug 17 07:41:55 2026
****************************************

========================================
TEST MODE: Internal_scan
VIEW     : Existing DFT
========================================

========================================
AS SPECIFIED BY USER
========================================


========================================
AS BUILT BY insert_dft
========================================

Scan_path    Len   ScanDataIn  ScanDataOut ScanEnable  MasterClock SlaveClock
-----------  ----- ----------- ----------- ----------- ----------- -----------
I 1          4240  Scan_Data_In Scan_Data_Out Scan_En  scan_clk    -

1
