 
****************************************
Report : qor
Design : mips_16
Version: O-2018.06-SP1
Date   : Mon Aug 17 07:43:00 2026
****************************************


  Timing Path Group (none)
  -----------------------------------
  Levels of Logic:               0.00
  Critical Path Length:         21.11
  Critical Path Slack:         uninit
  Critical Path Clk Period:     15.00
  Total Negative Slack:          0.00
  No. of Violating Paths:        0.00
  Worst Hold Violation:          0.00
  Total Hold Violation:          0.00
  No. of Hold Violations:        0.00
  -----------------------------------


  Cell Count
  -----------------------------------
  Hierarchical Cell Count:         12
  Hierarchical Port Count:        391
  Leaf Cell Count:              14622
  Buf/Inv Cell Count:            2833
  Buf Cell Count:                  40
  Inv Cell Count:                2793
  CT Buf/Inv Cell Count:            0
  Combinational Cell Count:     10382
  Sequential Cell Count:         4240
  Macro Count:                      0
  -----------------------------------


  Area
  -----------------------------------
  Combinational Area:   155020.492531
  Noncombinational Area:
                        130011.954346
  Buf/Inv Area:          64134.145387
  Total Buffer Area:          1863.48
  Total Inverter Area:       62270.67
  Macro/Black Box Area:      0.000000
  Net Area:              40790.106432
  -----------------------------------
  Cell Area:            285032.446877
  Design Area:          325822.553308


  Design Rules
  -----------------------------------
  Total Number of Nets:         14704
  Nets With Violations:             0
  Max Trans Violations:             0
  Max Cap Violations:               0
  -----------------------------------


  Hostname: IC_EDA

  Compile CPU Statistics
  -----------------------------------------
  Resource Sharing:                    1.66
  Logic Optimization:                  1.12
  Mapping Optimization:                6.69
  -----------------------------------------
  Overall Compile Time:               16.09
  Overall Compile Wall Clock Time:    15.83

  --------------------------------------------------------------------

  Design  WNS: 0.00  TNS: 0.00  Number of Violating Paths: 0


  Design (Hold)  WNS: 0.00  TNS: 0.00  Number of Violating Paths: 0

  --------------------------------------------------------------------


1
