#@ # 
#@ # Running fm_shell Version L-2016.03-SP1 for linux64 -- Apr 13, 2016
#@ # Date:   Mon Aug 17 20:06:36 2026
#@ # Run by: ICer@IC_EDA
#@ 

source /home/synopsys/Formality/Formality/admin/setup/.synopsys_fm.setup
#@ # -- Starting source /home/synopsys/Formality/Formality/admin/setup/.synopsys_fm.setup

#@ #
#@ # .synopsys_fm.setup: Initialization File for Formality
#@ #
#@ 
#@ 
#@ #
#@ # Enable stack trace output on fatal.  Not available for all architectures.
#@ #
#@ if { $sh_arch == "sparc" || $sh_arch == "sparcOS5" ||      $sh_arch == "hp700" || $sh_arch == "hpux10" } {
#@   set_unix_variable SYNOPSYS_TRACE ""
#@ }
#@ 
#@ #
#@ # Variable settings
#@ #
#@ set sh_new_variable_message true
#@ 
#@ #
#@ # Synopsys strongly recommends that you uncomment the following command
#@ # in order to set sh_command_abbrev_mode to the value "Command-Line-Only".
#@ # Command abbreviation is intended as an interactive convenience.  Using
#@ # abbreviations in scripts can cause commands to fail in subsequent releases.
#@ # 
#@ #set sh_command_abbrev_mode "Command-Line-Only"
#@ 
#@ #
#@ # Some useful aliases
#@ #
#@ alias list_commands		help
#@ 
#@ #
#@ # The alias of q to quit is commented out.  Remove the comment 
#@ # character if you want this alias.  Some users find that having 
#@ # this particular alias causes problems when mixed with page-mode
#@ # for reports - an accidental repeated 'q' not only cancels the
#@ # output but exits the tool.
#@ #
#@ #alias q quit
#@ # -- End source /home/synopsys/Formality/Formality/admin/setup/.synopsys_fm.setup

# Defining General Variables
set worst_case         "saed90nm_max_hvt.db"
set corner             "worst"
set design        "mips_16"
#######################################################################
# --------------- Search Path ------------- #
#######################################################################
lappend search_path /home/ICer/Downloads/Lib/synopsys/models
lappend search_path /mnt/hgfs/Shared_files/mips_16/syn/rtl
#######################################################################
# --------------- Define Top module ------------- #
#######################################################################
set top_module mips_16
#######################################################################
# --------------- Formality Setup File ------------- #
#######################################################################
set synopsys_auto_setup true
set_svf "../../../dft/run/${design}.svf"
set SSLIB_HVT "saed90nm_max_hvt.db"
read_db -container Ref [list $SSLIB_HVT]
#######################################################################
# --------------- Read Reference Design files ------------- #
#######################################################################
read_verilog -container Ref [glob /mnt/hgfs/Shared_files/mips_16/syn/rtl/*.v]
set_reference_design mips_16
set_top mips_16
read_db -container Imp [list $SSLIB_HVT]
#######################################################################
# --------------- Read Implementation design files ------------- #
#######################################################################
read_verilog -container Imp -netlist "/mnt/hgfs/Shared_files/mips_16/dft/results/$corner/outputs/${design}.v"
set_implementation_design mips_16
set_top mips_16
# Test mode
set_constant Ref:/WORK/*/test_mode 0
set_constant Imp:/WORK/*/test_mode 0
# Matching compare points 
match
# Verify 
set successful [verify]
if {!successful} {
diagnose
analyze_points -failing
} else {
puts "successful"
}
set successful [verify]
if {!successful} {
diagnose
analyze_points -failing
} else {
puts "successful"
}
report_passing_points > ../reports/passing_points.rpt
report_failing_points > ../reports/failing_points.rpt
report_aborted_points > ../reports/aborted_points.rpt
report_unverified_points > ../reports/unverified_points.rpt
start_gui 
