#@ # 
#@ # Running icc2_shell Version O-2018.06-SP1 for linux64 -- Jul 17, 2018
#@ # Date:   Wed Aug 19 04:04:31 2026
#@ # Run by: ICer@IC_EDA
#@ 

start_gui
gui_set_pref_value -category {SelectByNamePalette} -key {ObjectType} -value {Logical Cells}
source ../script/dlib.tcl
start_gui
open_lib /mnt/hgfs/Shared_files/mips_16/pnr/2_design_lib/library/mips_16.dlib -edit
open_block /mnt/hgfs/Shared_files/mips_16/pnr/2_design_lib/library/mips_16.dlib:mips_16_dlib.design
gui_set_pref_value -category {showRelativeLocationConstraints} -key {macroOffsetX} -value {0.005}
gui_set_pref_value -category {showRelativeLocationConstraints} -key {macroOffsetY} -value {0.005}
link_block
win_set_filter -visible -class cell -filter {hard_macro_margin hard_margin route_blockage_margin soft_margin}
win_set_filter -visible -class placement_blockage -filter {wiring} -layer {0-77}
win_set_filter -expand_cell_types {soft_macro  }
win_set_select_class -visible {cell port bound routing_blockage shaping_blockage pg_region pin_blockage block_shielding topology_node topology_edge core_area die_area edit_group shape via terminal fill_cell placement_blockage }
win_set_filter -class cell -filter {cell_array hard_macro_margin hard_margin route_blockage_margin soft_margin}
win_set_filter -class placement_blockage -filter {wiring} -layer {0-77}
win_set_select_class {cell port bound routing_blockage shaping_blockage pg_region pin_blockage topology_node topology_edge edit_group shape via placement_blockage }
win_select_objects -slct_targets global -at {4.140 2.140} -radius 0.0074
win_select_objects -slct_targets global -at {3.980 2.140} -radius 0.0074
change_selection 
gui_zoom -window [gui_get_current_window -types Layout -view] -factor 2 -at_point {5.965 2.065}
gui_zoom -window [gui_get_current_window -types Layout -view] -factor 2 -at_point {5.965 2.065}
gui_zoom -window [gui_get_current_window -types Layout -view] -factor 2 -at_point {5.965 2.065}
gui_zoom -window [gui_get_current_window -types Layout -view] -factor 2 -at_point {5.965 2.065}
gui_zoom -window [gui_get_current_window -types Layout -view] -factor 2 -at_point {5.965 2.065}
gui_zoom -window [gui_get_current_window -types Layout -view] -factor 2 -at_point {5.965 2.065}
gui_zoom -window [gui_get_current_window -types Layout -view] -factor 0.5 -at_point {5.965 2.065}
gui_zoom -window [gui_get_current_window -types Layout -view] -factor 0.5 -at_point {5.965 2.065}
gui_zoom -window [gui_get_current_window -types Layout -view] -factor 0.5 -at_point {5.965 2.065}
gui_zoom -window [gui_get_current_window -types Layout -view] -factor 0.5 -at_point {5.970 2.070}
gui_zoom -window [gui_get_current_window -types Layout -view] -factor 0.5 -at_point {5.965 2.070}
gui_zoom -window [gui_get_current_window -types Layout -view] -factor 0.5 -at_point {5.970 2.070}
gui_zoom -window [gui_get_current_window -types Layout -view] -factor 0.5 -at_point {5.970 2.060}
gui_zoom -window [gui_get_current_window -types Layout -view] -factor 0.5 -at_point {5.970 2.060}
gui_zoom -window [gui_get_current_window -types Layout -view] -factor 2 -at_point {5.980 2.065}
gui_zoom -window [gui_get_current_window -types Layout -view] -factor 2 -at_point {-1.150 5.275}
gui_zoom -window [gui_get_current_window -types Layout -view] -factor 2 -at_point {5.300 1.520}
gui_zoom -window [gui_get_current_window -types Layout -view] -factor 2 -at_point {5.290 1.520}
gui_zoom -window [gui_get_current_window -types Layout -view] -factor 0.5 -at_point {5.290 1.515}
gui_zoom -window [gui_get_current_window -types Layout -view] -factor 0.5 -at_point {5.290 1.520}
gui_zoom -window [gui_get_current_window -types Layout -view] -factor 0.5 -at_point {5.255 1.470}
gui_zoom -window [gui_get_current_window -types Layout -view] -factor 0.5 -at_point {5.250 1.470}
gui_zoom -window [gui_get_current_window -types Layout -view] -factor 0.5 -at_point {5.245 1.470}
gui_zoom -window [gui_get_current_window -types Layout -view] -factor 0.5 -at_point {5.185 1.470}
gui_zoom -window [gui_get_current_window -types Layout -view] -factor 0.5 -at_point {5.150 1.505}
gui_zoom -window [gui_get_current_window -types Layout -view] -factor 0.5 -at_point {5.150 1.505}
gui_zoom -window [gui_get_current_window -types Layout -view] -factor 0.5 -at_point {5.150 1.505}
gui_zoom -window [gui_get_current_window -types Layout -view] -factor 0.5 -at_point {5.150 1.505}
gui_zoom -window [gui_get_current_window -types Layout -view] -factor 0.5 -at_point {5.150 1.505}
gui_zoom -window [gui_get_current_window -types Layout -view] -factor 2 -at_point {6.720 1.170}
gui_zoom -window [gui_get_current_window -types Layout -view] -factor 2 -at_point {6.715 1.170}
gui_zoom -window [gui_get_current_window -types Layout -view] -factor 2 -at_point {6.710 1.170}
gui_zoom -window [gui_get_current_window -types Layout -view] -factor 2 -at_point {6.705 1.170}
gui_zoom -window [gui_get_current_window -types Layout -view] -factor 0.5 -at_point {6.650 1.130}
gui_zoom -window [gui_get_current_window -types Layout -view] -factor 2 -at_point {8.790 1.355}
gui_zoom -window [gui_get_current_window -types Layout -view] -factor 2 -at_point {8.540 1.415}
gui_zoom -window [gui_get_current_window -types Layout -view] -factor 0.5 -at_point {8.540 1.415}
gui_zoom -window [gui_get_current_window -types Layout -view] -factor 0.5 -at_point {8.470 1.250}
gui_zoom -window [gui_get_current_window -types Layout -view] -factor 2 -at_point {8.865 1.475}
gui_zoom -window [gui_get_current_window -types Layout -view] -factor 0.5 -at_point {8.865 1.475}
gui_zoom -window [gui_get_current_window -view] -rect {{5.995 1.405} {4.800 2.680}}
gui_zoom -window [gui_get_current_window -types Layout -view] -factor 0.5 -at_point {4.695 2.410}
gui_zoom -window [gui_get_current_window -types Layout -view] -factor 0.5 -at_point {4.690 2.410}
gui_zoom -window [gui_get_current_window -types Layout -view] -factor 0.5 -at_point {4.640 2.405}
gui_zoom -window [gui_get_current_window -types Layout -view] -factor 0.5 -at_point {4.590 2.410}
gui_zoom -window [gui_get_current_window -view] -rect {{-0.060 2.930} {11.360 -0.230}}
quit
