****************************************
Report : qor
Design : mips_16
Version: O-2018.06-SP1
Date   : Sat Aug 29 10:04:38 2026
****************************************


Scenario           'default'
Timing Path Group  'fun_clk'
----------------------------------------
Levels of Logic:                     10
Critical Path Length:              3.25
Critical Path Slack:              10.96
Critical Path Clk Period:         15.00
Total Negative Slack:              0.00
No. of Violating Paths:               0
Worst Hold Violation:              0.00
Total Hold Violation:              0.00
No. of Hold Violations:               0
----------------------------------------


Cell Count
----------------------------------------
Hierarchical Cell Count:             11
Hierarchical Port Count:          38410
Leaf Cell Count:                  21470
Buf/Inv Cell Count:                  70
Buf Cell Count:                      18
Inv Cell Count:                      52
CT Buf/Inv Cell Count:                0
Combinational Cell Count:         17227
Sequential Cell Count:             4243
Macro Count:                          0
----------------------------------------


Area
----------------------------------------
Combinational Area:           111452.77
Noncombinational Area:        106657.69
Buf/Inv Area:                    398.13
Total Buffer Area:                99.53
Total Inverter Area:             298.60
Macro/Black Box Area:              0.00
Net Area:                             0
Net XLength:                       0.00
Net YLength:                       0.00
----------------------------------------
Cell Area (netlist):                         218110.46
Cell Area (netlist and physical only):       218110.46
Net Length:                        0.00


Design Rules
----------------------------------------
Total Number of Nets:             21502
Nets with Violations:                 0
Max Trans Violations:                 0
Max Cap Violations:                   0
----------------------------------------

1
